2026-04-27 08:22:59,378 - INFO - Save log to ./logs/new/ds_ _2026-04-27-08-22-59
2026-04-27 08:22:59,378 - INFO - --------------- Configuration ---------------
2026-04-27 08:22:59,378 - INFO - Parameters: 
log_dir: ./logs/new
lmdb: False
mode: train
dry_run: False
model_name: ds
inter: none
task_target:  
save_avg: True
loss_rate: 10 * loss1 +  200 * loss_mse + 20* loss_intra + 10 *loss_inter
vit_name: vit_tiny_patch16_224
train_set: ori
num_quires: 128
fusion_map: {1: 1, 2: 8, 3: 15}
clip_model_name: ViT-L/14
device: cuda:0
mlp_dim: 256
mlp_out_dim: 128
head_num: 16
all_dataset: ['FaceForensics++', 'FF-F2F', 'FF-DF', 'FF-FS', 'FF-NT', 'FaceShifter', 'DeepFakeDetection', 'Celeb-DF-v1', 'Celeb-DF-v2', 'DFDCP', 'DFDC', 'DeeperForensics-1.0', 'UADFV']
train_dataset: ['FaceForensics++']
test_dataset: ['FaceForensics++']
dataset_json_folder: /public/zxj/ForensicsAdapter/data/dataset/dataset_json
compression: c23
train_batchSize: 16
test_batchSize: 128
workers: 8
frame_num: {'train': 32, 'test': 32}
resolution: 256
with_mask: True
with_xray: True
with_patch_labels: True
with_landmark: False
label_dict: {'DFD_fake': 1, 'DFD_real': 0, 'FF-SH': 1, 'FF-F2F': 1, 'FF-DF': 1, 'FF-FS': 1, 'FF-NT': 1, 'FF-FH': 1, 'FF-real': 0, 'CelebDFv1_real': 0, 'CelebDFv1_fake': 1, 'CelebDFv2_real': 0, 'CelebDFv2_fake': 1, 'DFDCP_Real': 0, 'DFDCP_FakeA': 1, 'DFDCP_FakeB': 1, 'DFDC_Fake': 1, 'DFDC_Real': 0, 'DF_fake': 1, 'DF_real': 0, 'UADFV_Fake': 1, 'UADFV_Real': 0}
use_data_augmentation: False
data_aug: {'flip_prob': 0.5, 'rotate_prob': 0.5, 'rotate_limit': [-10, 10], 'blur_prob': 0.5, 'blur_limit': [3, 7], 'brightness_prob': 0.5, 'brightness_limit': [-0.1, 0.1], 'contrast_limit': [-0.1, 0.1], 'quality_lower': 40, 'quality_upper': 100}
mean: [0.48145466, 0.4578275, 0.40821073]
std: [0.26862954, 0.26130258, 0.27577711]
optimizer: {'type': 'adam', 'adam': {'lr': 0.0002, 'beta1': 0.9, 'beta2': 0.999, 'eps': 1e-08, 'weight_decay': 0.0005, 'amsgrad': False}, 'sgd': {'lr': 0.0002, 'momentum': 0.9, 'weight_decay': 0.0005}}
lr_scheduler: None
nEpochs: 60
start_epoch: 0
save_epoch: 2
rec_iter: 100
manualSeed: 1020
save_ckpt: True
save_feat: False
metric_scoring: auc
ngpu: 1
cuda: True
cudnn: True
local_rank: 0
ddp: False

2026-04-27 08:23:10,892 - INFO - ===> Epoch[0] start!
